// Jest Snapshot v1, https://goo.gl/fbAQLP

exports[`Context matches snapshot 1`] = `[]`;

exports[`Context matches snapshot as children 1`] = `
<Context.Provider
  value="provided"
>
  <ContextConsumer />
</Context.Provider>
`;

exports[`ContextProvider matches snapshot 1`] = `<ContextConsumer />`;

exports[`ContextProvider matches snapshot as children 1`] = `
<ContextProvider>
  <ContextConsumer />
</ContextProvider>
`;

exports[`NamedContext matches snapshot 1`] = `[]`;

exports[`NamedContext matches snapshot as children 1`] = `
<NamedContextDisplayName.Provider
  value="provided"
>
  <NamedContextConsumer />
</NamedContextDisplayName.Provider>
`;

exports[`NamedContextProvider matches snapshot 1`] = `<NamedContextConsumer />`;

exports[`NamedContextProvider matches snapshot as children 1`] = `
<NamedContextProvider>
  <NamedContextConsumer />
</NamedContextProvider>
`;
