// Jest Snapshot v1, https://goo.gl/fbAQLP

exports[`Fragment matches snapshot 1`] = `
[
  <div />,
  <TestWrapper />,
]
`;

exports[`Fragment matches snapshot 2`] = `
[
  <div />,
  <TestWrapper />,
]
`;

exports[`Fragment matches snapshot as children 1`] = `
<TestWrapper>
  <React.Fragment>
    <div />
    <TestWrapper />
  </React.Fragment>
</TestWrapper>
`;

exports[`Fragment matches snapshot as children 2`] = `
<TestWrapper>
  <React.Fragment>
    <div />
    <TestWrapper />
  </React.Fragment>
</TestWrapper>
`;
