// Jest Snapshot v1, https://goo.gl/fbAQLP

exports[`Button matches snapshot 1`] = `[]`;

exports[`Empty matches snapshot 1`] = `[]`;

exports[`List matches snapshot 1`] = `
[
  <ListItem
    key="0"
  >
    A
  </ListItem>,
  <ListItem
    key="1"
  >
    B
  </ListItem>,
  <ListItem
    key="2"
  >
    C
  </ListItem>,
]
`;

exports[`MyComponent matches snapshot 1`] = `[]`;

exports[`MyComponent matches snapshot 2 level deep 1`] = `
<div>
  <Empty />
  <SubComponent />
  <SubComponent>
    <span>
      Sub host
    </span>
    <SubComponent>
      <span>
        Sub sub host
      </span>
    </SubComponent>
    <div>
      condition
    </div>
  </SubComponent>
  <SubComponent>
    <SubComponent />
  </SubComponent>
  <p
    className="my"
  >
    Hello
  </p>
</div>
`;

exports[`Table matches snapshot 1`] = `
[
  <TableHead>
    <TableRow>
      <TableHeadCell>
        Head A
      </TableHeadCell>
      <TableHeadCell>
        Head B
      </TableHeadCell>
      <TableHeadCell>
        Head C
      </TableHeadCell>
    </TableRow>
  </TableHead>,
  <TableFoot>
    <TableRow>
      <TableCell>
        Foot A
      </TableCell>
      <TableCell>
        Foot B
      </TableCell>
      <TableCell>
        Foot C
      </TableCell>
    </TableRow>
  </TableFoot>,
  <TableBody>
    <TableRow
      key="0"
    >
      <TableCell
        key="0"
      >
        A
      </TableCell>
      <TableCell
        key="1"
      >
        B
      </TableCell>
      <TableCell
        key="2"
      >
        C
      </TableCell>
    </TableRow>
    <TableRow
      key="1"
    >
      <TableCell
        key="0"
      >
        X
      </TableCell>
      <TableCell
        key="1"
      >
        Y
      </TableCell>
      <TableCell
        key="2"
      >
        Z
      </TableCell>
    </TableRow>
  </TableBody>,
]
`;
