// Jest Snapshot v1, https://goo.gl/fbAQLP

exports[`HostComponent matches self-closing snapshot 1`] = `[]`;

exports[`HostComponent matches self-closing snapshot with click handler 1`] = `[]`;

exports[`HostComponent matches self-closing snapshot with key 1`] = `[]`;

exports[`HostComponent matches self-closing snapshot with key as children 1`] = `
<div
  key="foo"
/>
`;

exports[`HostComponent matches self-closing snapshot with prop 1`] = `[]`;

exports[`HostComponent matches self-closing snapshot with props 1`] = `[]`;

exports[`HostComponent matches self-closing snapshot with ref 1`] = `[]`;

exports[`HostComponent matches self-closing snapshot with ref as children 1`] = `
<div
  ref={
    {
      "current": null,
    }
  }
/>
`;

exports[`HostComponent matches snapshot with children 1`] = `
[
  <h1>
    heading
  </h1>,
  <div>
    <p>
      lorem ipsum
    </p>
  </div>,
  <button
    onClick={[MockFunction]}
    type="button"
  >
    Click me
  </button>,
]
`;

exports[`HostComponent matches snapshot with dynamic children 1`] = `
[
  <li>
    a
  </li>,
  <li>
    b
  </li>,
  <li>
    c
  </li>,
]
`;

exports[`HostComponent matches snapshot with empty children 1`] = `[]`;

exports[`HostComponent matches snapshot with empty subsequent dynamic children 1`] = `[]`;

exports[`HostComponent matches snapshot with subsequent dynamic children 1`] = `
[
  <li>
    a
  </li>,
  <li>
    b
  </li>,
  <li>
    c
  </li>,
  <li>
    d
  </li>,
  <li>
    e
  </li>,
  <li>
    f
  </li>,
]
`;

exports[`HostComponent matches snapshot with text 1`] = `"lorem ipsum"`;

exports[`HostComponent matches snapshot with text and with prop 1`] = `"lorem ipsum"`;

exports[`HostComponent matches snapshot with text and with props 1`] = `"lorem ipsum"`;
